------------------------------------------------------------
TimeQuest Timing Analyzer Summary
------------------------------------------------------------

Type  : Slow 1200mV 85C Model Setup 'clk'
Slack : -16.644
TNS   : -13745.593

Type  : Slow 1200mV 85C Model Setup 'uart_wrapper:comb_5|uart_rx:receiver|r_Rx_DV'
Slack : -1.965
TNS   : -25.132

Type  : Slow 1200mV 85C Model Hold 'clk'
Slack : 0.385
TNS   : 0.000

Type  : Slow 1200mV 85C Model Hold 'uart_wrapper:comb_5|uart_rx:receiver|r_Rx_DV'
Slack : 0.403
TNS   : 0.000

Type  : Slow 1200mV 85C Model Recovery 'clk'
Slack : -2.612
TNS   : -3306.319

Type  : Slow 1200mV 85C Model Removal 'clk'
Slack : 2.531
TNS   : 0.000

Type  : Slow 1200mV 85C Model Minimum Pulse Width 'clk'
Slack : -3.000
TNS   : -2229.274

Type  : Slow 1200mV 85C Model Minimum Pulse Width 'uart_wrapper:comb_5|uart_rx:receiver|r_Rx_DV'
Slack : -1.285
TNS   : -16.705

Type  : Slow 1200mV 0C Model Setup 'clk'
Slack : -15.174
TNS   : -12541.714

Type  : Slow 1200mV 0C Model Setup 'uart_wrapper:comb_5|uart_rx:receiver|r_Rx_DV'
Slack : -1.750
TNS   : -22.349

Type  : Slow 1200mV 0C Model Hold 'clk'
Slack : 0.338
TNS   : 0.000

Type  : Slow 1200mV 0C Model Hold 'uart_wrapper:comb_5|uart_rx:receiver|r_Rx_DV'
Slack : 0.353
TNS   : 0.000

Type  : Slow 1200mV 0C Model Recovery 'clk'
Slack : -2.256
TNS   : -2827.755

Type  : Slow 1200mV 0C Model Removal 'clk'
Slack : 2.241
TNS   : 0.000

Type  : Slow 1200mV 0C Model Minimum Pulse Width 'clk'
Slack : -3.000
TNS   : -2226.282

Type  : Slow 1200mV 0C Model Minimum Pulse Width 'uart_wrapper:comb_5|uart_rx:receiver|r_Rx_DV'
Slack : -1.285
TNS   : -16.705

Type  : Fast 1200mV 0C Model Setup 'clk'
Slack : -7.901
TNS   : -6177.310

Type  : Fast 1200mV 0C Model Setup 'uart_wrapper:comb_5|uart_rx:receiver|r_Rx_DV'
Slack : -0.454
TNS   : -5.739

Type  : Fast 1200mV 0C Model Hold 'clk'
Slack : 0.173
TNS   : 0.000

Type  : Fast 1200mV 0C Model Hold 'uart_wrapper:comb_5|uart_rx:receiver|r_Rx_DV'
Slack : 0.181
TNS   : 0.000

Type  : Fast 1200mV 0C Model Recovery 'clk'
Slack : -0.919
TNS   : -1098.771

Type  : Fast 1200mV 0C Model Removal 'clk'
Slack : 1.336
TNS   : 0.000

Type  : Fast 1200mV 0C Model Minimum Pulse Width 'clk'
Slack : -3.000
TNS   : -1792.719

Type  : Fast 1200mV 0C Model Minimum Pulse Width 'uart_wrapper:comb_5|uart_rx:receiver|r_Rx_DV'
Slack : -1.000
TNS   : -13.000

------------------------------------------------------------
