------------------------------------------------------------
TimeQuest Timing Analyzer Summary
------------------------------------------------------------

Type  : Slow 1200mV 85C Model Setup 'clk'
Slack : -16.664
TNS   : -13575.488

Type  : Slow 1200mV 85C Model Setup 'uart_wrapper:comb_5|uart_rx:receiver|r_Rx_DV'
Slack : -2.460
TNS   : -30.181

Type  : Slow 1200mV 85C Model Hold 'clk'
Slack : 0.385
TNS   : 0.000

Type  : Slow 1200mV 85C Model Hold 'uart_wrapper:comb_5|uart_rx:receiver|r_Rx_DV'
Slack : 0.402
TNS   : 0.000

Type  : Slow 1200mV 85C Model Recovery 'clk'
Slack : -2.448
TNS   : -3083.823

Type  : Slow 1200mV 85C Model Removal 'clk'
Slack : 2.365
TNS   : 0.000

Type  : Slow 1200mV 85C Model Minimum Pulse Width 'clk'
Slack : -3.000
TNS   : -2271.679

Type  : Slow 1200mV 85C Model Minimum Pulse Width 'uart_wrapper:comb_5|uart_rx:receiver|r_Rx_DV'
Slack : -1.285
TNS   : -16.705

Type  : Slow 1200mV 0C Model Setup 'clk'
Slack : -15.285
TNS   : -12379.704

Type  : Slow 1200mV 0C Model Setup 'uart_wrapper:comb_5|uart_rx:receiver|r_Rx_DV'
Slack : -2.223
TNS   : -27.216

Type  : Slow 1200mV 0C Model Hold 'clk'
Slack : 0.339
TNS   : 0.000

Type  : Slow 1200mV 0C Model Hold 'uart_wrapper:comb_5|uart_rx:receiver|r_Rx_DV'
Slack : 0.353
TNS   : 0.000

Type  : Slow 1200mV 0C Model Recovery 'clk'
Slack : -2.074
TNS   : -2579.721

Type  : Slow 1200mV 0C Model Removal 'clk'
Slack : 2.110
TNS   : 0.000

Type  : Slow 1200mV 0C Model Minimum Pulse Width 'clk'
Slack : -3.000
TNS   : -2268.687

Type  : Slow 1200mV 0C Model Minimum Pulse Width 'uart_wrapper:comb_5|uart_rx:receiver|r_Rx_DV'
Slack : -1.285
TNS   : -16.705

Type  : Fast 1200mV 0C Model Setup 'clk'
Slack : -7.923
TNS   : -6157.603

Type  : Fast 1200mV 0C Model Setup 'uart_wrapper:comb_5|uart_rx:receiver|r_Rx_DV'
Slack : -0.770
TNS   : -9.240

Type  : Fast 1200mV 0C Model Hold 'clk'
Slack : 0.173
TNS   : 0.000

Type  : Fast 1200mV 0C Model Hold 'uart_wrapper:comb_5|uart_rx:receiver|r_Rx_DV'
Slack : 0.181
TNS   : 0.000

Type  : Fast 1200mV 0C Model Recovery 'clk'
Slack : -0.846
TNS   : -996.837

Type  : Fast 1200mV 0C Model Removal 'clk'
Slack : 1.259
TNS   : 0.000

Type  : Fast 1200mV 0C Model Minimum Pulse Width 'clk'
Slack : -3.000
TNS   : -1827.406

Type  : Fast 1200mV 0C Model Minimum Pulse Width 'uart_wrapper:comb_5|uart_rx:receiver|r_Rx_DV'
Slack : -1.000
TNS   : -13.000

------------------------------------------------------------
